
> bdic_virtual_market_logistics@0.1.0 build
> next build

